src/App.tsx(140,17): error TS2322: Type '{ initial: (dir: number) => { x: number; opacity: number; scale: number; filter: string; }; in: { x: number; opacity: number; scale: number; filter: string; transition: { duration: number; type: string; bounce: number; }; }; out: (dir: number) => { ...; }; }' is not assignable to type 'Variants'.
  Property 'in' is incompatible with index signature.
    Type '{ x: number; opacity: number; scale: number; filter: string; transition: { duration: number; type: string; bounce: number; }; }' is not assignable to type 'Variant'.
      Type '{ x: number; opacity: number; scale: number; filter: string; transition: { duration: number; type: string; bounce: number; }; }' is not assignable to type 'TargetAndTransition'.
        Type '{ x: number; opacity: number; scale: number; filter: string; transition: { duration: number; type: string; bounce: number; }; }' is not assignable to type '{ transition?: Transition<any> | undefined; transitionEnd?: ResolvedValues$1 | undefined; }'.
          Types of property 'transition' are incompatible.
            Type '{ duration: number; type: string; bounce: number; }' is not assignable to type 'Transition<any> | undefined'.
              Type '{ duration: number; type: string; bounce: number; }' is not assignable to type 'TransitionWithValueOverrides<any>'.
                Type '{ duration: number; type: string; bounce: number; }' is not assignable to type 'ValueAnimationTransition<any>'.
                  Types of property 'type' are incompatible.
                    Type 'string' is not assignable to type 'AnimationGeneratorType | undefined'.
src/components/AcademicInfo.tsx(6,18): error TS1484: 'Variants' is a type and must be imported using a type-only import when 'verbatimModuleSyntax' is enabled.
src/components/AcademicInfo.tsx(6,18): error TS6133: 'Variants' is declared but its value is never read.
src/components/BasicInfo.tsx(5,18): error TS1484: 'Variants' is a type and must be imported using a type-only import when 'verbatimModuleSyntax' is enabled.
src/components/BasicInfo.tsx(5,18): error TS6133: 'Variants' is declared but its value is never read.
src/components/Interests.tsx(6,35): error TS1484: 'Variants' is a type and must be imported using a type-only import when 'verbatimModuleSyntax' is enabled.
src/components/Interests.tsx(6,35): error TS6133: 'Variants' is declared but its value is never read.
src/components/ui/Button.tsx(2,18): error TS1484: 'HTMLMotionProps' is a type and must be imported using a type-only import when 'verbatimModuleSyntax' is enabled.
src/components/ui/Button.tsx(3,20): error TS2307: Cannot find module '../lib/utils' or its corresponding type declarations.
src/components/Welcome.tsx(2,18): error TS1484: 'Variants' is a type and must be imported using a type-only import when 'verbatimModuleSyntax' is enabled.
src/components/Welcome.tsx(2,18): error TS6133: 'Variants' is declared but its value is never read.
